// Jest Snapshot v1, https://goo.gl/fbAQLP

exports[`Matches Snapshot 1`] = `
<DocumentFragment>
  <div
    class="ui container"
    data-testid="container"
    style="position: absolute; left: 200px;"
  >
    <div
      class="ui header"
      data-testid="question"
    >
      <i
        aria-hidden="true"
        class="question circle icon"
        data-testid="icon"
      />
      What is a linked list?
    </div>
    <button
      class="ui disabled button"
      disabled=""
      tabindex="-1"
    >
      Go Back
    </button>
    <button
      class="ui button"
    >
      Next or Skip
    </button>
    <form
      class="ui form"
    >
      <textarea
        data-testid="textarea"
        rows="3"
      />
    </form>
    <button
      class="ui button"
    >
      Submit
    </button>
    <h3
      class="ui header"
      data-testid="truestats"
    >
      <div>
        <div>
           Total Questions: 0
        </div>
        <div>
           Questions Right: 0
        </div>
        <div>
           Questions Wrong: 0
        </div>
        <div>
           Questions Skipped: 0
        </div>
      </div>
    </h3>
  </div>
</DocumentFragment>
`;
